// Jest Snapshot v1, https://goo.gl/fbAQLP

exports[`RepositoriesHeader for given props matches snapshot 1`] = `
<div
  className="container-fluid"
>
  <div
    className="row"
  >
    <div
      className="text-left col-6"
    >
      <p>
        Found 
        125
         repositories.
      </p>
    </div>
    <div
      className="text-right col-6"
    >
      <ul
        className="pagination-end pagination"
      >
        <li
          className="page-item disabled"
        >
          <span
            className="page-link"
            disabled={true}
            onClick={[Function]}
          >
            <span
              aria-hidden="true"
            >
              ‹
            </span>
            <span
              className="sr-only"
            >
              Previous
            </span>
          </span>
        </li>
        <li
          className="page-item"
        >
          <a
            className="page-link"
            href="#"
            onClick={[Function]}
            onKeyDown={[Function]}
            role="button"
          >
            <span
              aria-hidden="true"
            >
              ›
            </span>
            <span
              className="sr-only"
            >
              Next
            </span>
          </a>
        </li>
      </ul>
    </div>
  </div>
</div>
`;
